*** EVALUATION ***
PROGRAM "Lab0.abs"

*********************************************************************************************
TARGET SECTION
---------------------------------------------------------------------------------------------
Processor   : Freescale HC08
Memory Model: SMALL
File Format : ELF\DWARF 2.0
Linker      : SmartLinker V-5.0.51 Build 14019, Jan 20 2014

*********************************************************************************************
FILE SECTION
---------------------------------------------------------------------------------------------
KeyPressedReader_asm.obj                Model: SMALL,         Lang: Assembler
LEDLIGHTS_ASM.obj                       Model: SMALL,         Lang: Assembler
main_asm.obj                            Model: SMALL,         Lang: Assembler

*********************************************************************************************
STARTUP SECTION
---------------------------------------------------------------------------------------------
Entry point: 0xE000 (_Startup)

*********************************************************************************************
SECTION-ALLOCATION SECTION
Section Name                    Size  Type     From       To       Segment
---------------------------------------------------------------------------------------------
.init                             84     R     0xE000     0xE053   ROM
MY_ZEROPAGE                       11   R/W       0x60       0x6A   Z_RAM
MyCode                           478     R     0xE054     0xE231   ROM
.stack                            64   R/W      0x100      0x13F   RAM
.vectSeg0_vect                     2     R     0xFFE6     0xFFE7   .vectSeg0
.vectSeg1_vect                     2     R     0xFFFE     0xFFFF   .vectSeg1

Summary of section sizes per section type:
READ_ONLY (R):         236 (dec:      566)
READ_WRITE (R/W):       4B (dec:       75)

*********************************************************************************************
VECTOR-ALLOCATION SECTION
    Address     InitValue   InitFunction
---------------------------------------------------------------------------------------------
     0xFFE6        0xE048   Vmtim_U
     0xFFFE        0xE000   _Startup

*********************************************************************************************
OBJECT-ALLOCATION SECTION
     Name               Module                 Addr   hSize   dSize     Ref    Section   RLIB
---------------------------------------------------------------------------------------------
MODULE:                 -- KeyPressedReader_asm.obj --
- PROCEDURES:
     CheckPress                                E054      1F      31       1   MyCode      
     SetPatA                                   E073       6       6       0   MyCode      
     SetPatB                                   E079       8       8       0   MyCode      
     SetPatC                                   E081       A      10       0   MyCode      
     SetPatD                                   E08B       C      12       0   MyCode      
     CheckRowD                                 E097      29      41       1   MyCode      
     GoHome                                    E0C0       1       1       0   MyCode      
     CheckRowC                                 E0C1      29      41       1   MyCode      
     CheckRowB                                 E0EA      29      41       1   MyCode      
     CheckRowA                                 E113      29      41       1   MyCode      
- VARIABLES:
     KeyPress                                    60       1       1      14   MY_ZEROPAGE 
MODULE:                 -- LEDLIGHTS_ASM.obj --
- PROCEDURES:
     SetupPattern                              E13C      13      19       5   MyCode      
     SetPatternA                               E14F       5       5       0   MyCode      
     SetPatternB                               E154       9       9       0   MyCode      
     SetPatternC                               E15D       D      13       0   MyCode      
     SetPatternD                               E16A      11      17       0   MyCode      
     SelectPattern                             E17B       D      13       1   MyCode      
     PatternA                                  E188       F      15       0   MyCode      
     PatternB                                  E197      19      25       0   MyCode      
     SetupStepper                              E1B0       2       2       0   MyCode      
     PatternC                                  E1B2      27      39       0   MyCode      
     PatternCIn                                E1D9      10      16       0   MyCode      
     PatternCEnd                               E1E9       7       7       0   MyCode      
     PatternD                                  E1F0      1B      27       0   MyCode      
     PatternDIn                                E20B       A      10       0   MyCode      
     PatternDEnd                               E215       7       7       0   MyCode      
     SendOne                                   E21C       B      11       4   MyCode      
     SendTwo                                   E227       B      11       4   MyCode      
- VARIABLES:
     StepsLeft                                   61       1       1      10   MY_ZEROPAGE 
     Pattern                                     62       1       1      23   MY_ZEROPAGE 
     Shifter                                     63       1       1       7   MY_ZEROPAGE 
     Adder                                       64       1       1       4   MY_ZEROPAGE 
     PartOne                                     65       1       1       4   MY_ZEROPAGE 
     KeyPress                                    66       1       1       0   MY_ZEROPAGE 
MODULE:                 -- main_asm.obj --
- PROCEDURES:
     _Startup                                  E000      25      37       0   .init       
     main                                      E000       0       0       0   .init       
     mainLoop                                  E025       D      13       0   .init       
     LEDToggle                                 E032      10      16       0   .init       
     LEDOn                                     E042       6       6       0   .init       
     Vmtim_U                                   E048       5       5       0   .init       
     JumpToLEDS                                E04D       7       7       0   .init       
- VARIABLES:
     Counter1                                    67       1       1       5   MY_ZEROPAGE 
     LEDStatus                                   68       1       1       4   MY_ZEROPAGE 
     UpdateLEDS                                  69       1       1       3   MY_ZEROPAGE 
     Selector                                    6A       1       1      13   MY_ZEROPAGE 

*********************************************************************************************
MODULE STATISTIC
  Name                                      Data   Code  Const
---------------------------------------------------------------------------------------------
  KeyPressedReader_asm.obj                     1    232      0
  LEDLIGHTS_ASM.obj                            6    246      0
  main_asm.obj                                 4     84      0
  other                                       64      4      0

*********************************************************************************************
SECTION USE IN OBJECT-ALLOCATION SECTION
---------------------------------------------------------------------------------------------
SECTION: ".init"
  main _Startup mainLoop LEDToggle LEDOn Vmtim_U JumpToLEDS 
SECTION: "MY_ZEROPAGE"
  KeyPress StepsLeft Pattern Shifter Adder PartOne KeyPress Counter1 LEDStatus 
  UpdateLEDS Selector 
SECTION: "MyCode"
  CheckPress SetPatA SetPatB SetPatC SetPatD CheckRowD GoHome CheckRowC 
  CheckRowB CheckRowA SetupPattern SetPatternA SetPatternB SetPatternC 
  SetPatternD SelectPattern PatternA PatternB SetupStepper PatternC PatternCIn 
  PatternCEnd PatternD PatternDIn PatternDEnd SendOne SendTwo 

*********************************************************************************************
OBJECT LIST SORTED BY ADDRESS
     Name                                      Addr   hSize   dSize     Ref    Section   RLIB
---------------------------------------------------------------------------------------------
     KeyPress                                    60       1       1      14   MY_ZEROPAGE 
     StepsLeft                                   61       1       1      10   MY_ZEROPAGE 
     Pattern                                     62       1       1      23   MY_ZEROPAGE 
     Shifter                                     63       1       1       7   MY_ZEROPAGE 
     Adder                                       64       1       1       4   MY_ZEROPAGE 
     PartOne                                     65       1       1       4   MY_ZEROPAGE 
     KeyPress                                    66       1       1       0   MY_ZEROPAGE 
     Counter1                                    67       1       1       5   MY_ZEROPAGE 
     LEDStatus                                   68       1       1       4   MY_ZEROPAGE 
     UpdateLEDS                                  69       1       1       3   MY_ZEROPAGE 
     Selector                                    6A       1       1      13   MY_ZEROPAGE 
     main                                      E000       0       0       0   .init       
     _Startup                                  E000      25      37       0   .init       
     mainLoop                                  E025       D      13       0   .init       
     LEDToggle                                 E032      10      16       0   .init       
     LEDOn                                     E042       6       6       0   .init       
     Vmtim_U                                   E048       5       5       0   .init       
     JumpToLEDS                                E04D       7       7       0   .init       
     CheckPress                                E054      1F      31       1   MyCode      
     SetPatA                                   E073       6       6       0   MyCode      
     SetPatB                                   E079       8       8       0   MyCode      
     SetPatC                                   E081       A      10       0   MyCode      
     SetPatD                                   E08B       C      12       0   MyCode      
     CheckRowD                                 E097      29      41       1   MyCode      
     GoHome                                    E0C0       1       1       0   MyCode      
     CheckRowC                                 E0C1      29      41       1   MyCode      
     CheckRowB                                 E0EA      29      41       1   MyCode      
     CheckRowA                                 E113      29      41       1   MyCode      
     SetupPattern                              E13C      13      19       5   MyCode      
     SetPatternA                               E14F       5       5       0   MyCode      
     SetPatternB                               E154       9       9       0   MyCode      
     SetPatternC                               E15D       D      13       0   MyCode      
     SetPatternD                               E16A      11      17       0   MyCode      
     SelectPattern                             E17B       D      13       1   MyCode      
     PatternA                                  E188       F      15       0   MyCode      
     PatternB                                  E197      19      25       0   MyCode      
     SetupStepper                              E1B0       2       2       0   MyCode      
     PatternC                                  E1B2      27      39       0   MyCode      
     PatternCIn                                E1D9      10      16       0   MyCode      
     PatternCEnd                               E1E9       7       7       0   MyCode      
     PatternD                                  E1F0      1B      27       0   MyCode      
     PatternDIn                                E20B       A      10       0   MyCode      
     PatternDEnd                               E215       7       7       0   MyCode      
     SendOne                                   E21C       B      11       4   MyCode      
     SendTwo                                   E227       B      11       4   MyCode      

*********************************************************************************************
UNUSED-OBJECTS SECTION
---------------------------------------------------------------------------------------------

*********************************************************************************************
COPYDOWN SECTION
---------------------------------------------------------------------------------------------

*********************************************************************************************
OBJECT-DEPENDENCIES SECTION
---------------------------------------------------------------------------------------------
_Startup                  USES Counter1 LEDStatus Selector SetupPattern 
mainLoop                  USES CheckPress Counter1 UpdateLEDS 
LEDToggle                 USES Counter1 UpdateLEDS LEDStatus 
LEDOn                     USES LEDStatus 
Vmtim_U                   USES Counter1 
JumpToLEDS                USES SelectPattern UpdateLEDS 
CheckPress                USES KeyPress CheckRowA CheckRowB CheckRowC 
                                CheckRowD 
SetPatA                   USES Selector SetupPattern 
SetPatB                   USES Selector SetupPattern 
SetPatC                   USES Selector SetupPattern 
SetPatD                   USES Selector SetupPattern 
CheckRowD                 USES KeyPress 
CheckRowC                 USES KeyPress 
CheckRowB                 USES KeyPress 
CheckRowA                 USES KeyPress 
SetupPattern              USES StepsLeft Shifter Adder Selector 
SetPatternA               USES Pattern 
SetPatternB               USES Pattern StepsLeft 
SetPatternC               USES Pattern Shifter StepsLeft 
SetPatternD               USES Pattern Shifter Adder StepsLeft 
SelectPattern             USES Selector 
PatternA                  USES Pattern SendOne SendTwo 
PatternB                  USES Pattern SendOne SendTwo StepsLeft 
PatternC                  USES Pattern SendOne SendTwo Shifter PartOne 
PatternCIn                USES Pattern PartOne 
PatternCEnd               USES StepsLeft 
PatternD                  USES Pattern SendOne SendTwo Shifter 
PatternDIn                USES Pattern Adder 
PatternDEnd               USES StepsLeft 

*********************************************************************************************
DEPENDENCY TREE
*********************************************************************************************
 main and _Startup Group
 | 
 +- main                
 |    
 +- _Startup            
    | 
    +- SetupPattern        
         
 Vmtim_U             
   
*********************************************************************************************
STATISTIC SECTION
---------------------------------------------------------------------------------------------

ExeFile:
--------
Number of blocks to be downloaded: 3
Total size of all blocks to be downloaded: 566

