*** EVALUATION ***
PROGRAM "Lab0.abs"

*********************************************************************************************
TARGET SECTION
---------------------------------------------------------------------------------------------
Processor   : Freescale HC08
Memory Model: SMALL
File Format : ELF\DWARF 2.0
Linker      : SmartLinker V-5.0.51 Build 14019, Jan 20 2014

*********************************************************************************************
FILE SECTION
---------------------------------------------------------------------------------------------
main_asm.obj                            Model: SMALL,         Lang: Assembler

*********************************************************************************************
STARTUP SECTION
---------------------------------------------------------------------------------------------
Entry point: 0xF8 (_Startup)

*********************************************************************************************
SECTION-ALLOCATION SECTION
Section Name                    Size  Type     From       To       Segment
---------------------------------------------------------------------------------------------
main_asm__ORG00001                89     R       0xF0      0x148   .absSeg0
.stack                            64   R/W      0x100      0x13F   RAM
.vectSeg1_vect                     2     R     0xFFE6     0xFFE7   .vectSeg1
.vectSeg2_vect                     2     R     0xFFFE     0xFFFF   .vectSeg2

Summary of section sizes per section type:
READ_ONLY (R):          5D (dec:       93)
READ_WRITE (R/W):       40 (dec:       64)

*********************************************************************************************
VECTOR-ALLOCATION SECTION
    Address     InitValue   InitFunction
---------------------------------------------------------------------------------------------
     0xFFE6         0x144   Vmtim_U
     0xFFFE          0xF8   _Startup

*********************************************************************************************
OBJECT-ALLOCATION SECTION
     Name               Module                 Addr   hSize   dSize     Ref    Section   RLIB
---------------------------------------------------------------------------------------------
MODULE:                 -- main_asm.obj --
- PROCEDURES:
     _Startup                                    F8      22      34       0   .init       
     main                                        F8       0       0       0   .init       
     mainLoop                                   11A       6       6       0   .init       
     LEDToggle                                  120      16      22       0   .init       
     LEDOn                                      136       A      10       0   .init       
     Return                                     140       4       4       0   .init       
     Vmtim_U                                    144       5       5       0   .init       
- VARIABLES:
     Counter1                                    F0       1       1       0   .init       
     Counter2                                    F1       1       1       0   .init       
     Counter3                                    F2       1       1       0   .init       
     LEDStatus                                   F3       1       1       0   .init       
     BUSLINE                                     F4       4       4       0   .init       

*********************************************************************************************
MODULE STATISTIC
  Name                                      Data   Code  Const
---------------------------------------------------------------------------------------------
  main_asm.obj                                 0     89      0
  other                                       64      4      0

*********************************************************************************************
SECTION USE IN OBJECT-ALLOCATION SECTION
---------------------------------------------------------------------------------------------
SECTION: ".init"
  Counter1 Counter2 Counter3 LEDStatus BUSLINE main _Startup mainLoop 
  LEDToggle LEDOn Return Vmtim_U 

*********************************************************************************************
OBJECT LIST SORTED BY ADDRESS
     Name                                      Addr   hSize   dSize     Ref    Section   RLIB
---------------------------------------------------------------------------------------------
     Counter1                                    F0       1       1       0   .init       
     Counter2                                    F1       1       1       0   .init       
     Counter3                                    F2       1       1       0   .init       
     LEDStatus                                   F3       1       1       0   .init       
     BUSLINE                                     F4       4       4       0   .init       
     main                                        F8       0       0       0   .init       
     _Startup                                    F8      22      34       0   .init       
     mainLoop                                   11A       6       6       0   .init       
     LEDToggle                                  120      16      22       0   .init       
     LEDOn                                      136       A      10       0   .init       
     Return                                     140       4       4       0   .init       
     Vmtim_U                                    144       5       5       0   .init       

*********************************************************************************************
UNUSED-OBJECTS SECTION
---------------------------------------------------------------------------------------------

*********************************************************************************************
COPYDOWN SECTION
---------------------------------------------------------------------------------------------

*********************************************************************************************
OBJECT-DEPENDENCIES SECTION
---------------------------------------------------------------------------------------------

*********************************************************************************************
DEPENDENCY TREE
*********************************************************************************************
 main and _Startup Group
 | 
 +- main                
 |    
 +- _Startup            
      
*********************************************************************************************
STATISTIC SECTION
---------------------------------------------------------------------------------------------

ExeFile:
--------
Number of blocks to be downloaded: 3
Total size of all blocks to be downloaded: 93

